Running suite scommand
