Running suite scommand
test_scommand.c:20:P:Precondition:test_destroy_null:0: Passed
test_scommand.c:27:P:Precondition:test_push_back_null:0: Passed
test_scommand.c:33:P:Precondition:test_push_back_argument_null:0: Passed
test_scommand.c:41:P:Precondition:test_pop_front_null:0: Passed
test_scommand.c:47:P:Precondition:test_pop_front_empty:0: Passed
test_scommand.c:55:P:Precondition:test_set_redir_in_null:0: Passed
test_scommand.c:61:P:Precondition:test_set_redir_out_null:0: Passed
test_scommand.c:67:P:Precondition:test_is_empty_null:0: Passed
test_scommand.c:73:P:Precondition:test_length_null:0: Passed
test_scommand.c:79:P:Precondition:test_front_null:0: Passed
test_scommand.c:85:P:Precondition:test_front_empty:0: Passed
test_scommand.c:93:P:Precondition:test_get_redir_in_null:0: Passed
test_scommand.c:99:P:Precondition:test_get_redir_out_null:0: Passed
test_scommand.c:105:P:Precondition:test_to_string_null:0: Passed
test_scommand.c:113:E:Creation:test_new_destroy:0: (after this point) Received signal 6 (Aborted)
test_scommand.c:126:E:Creation:test_new_is_empty:0: (after this point) Received signal 6 (Aborted)
(null):-1:S:Functionality:test_adding_emptying:0: (after this point) Received signal 6 (Aborted)
(null):-1:S:Functionality:test_adding_emptying_length:0: (after this point) Received signal 6 (Aborted)
(null):-1:S:Functionality:test_fifo:0: (after this point) Received signal 6 (Aborted)
(null):-1:S:Functionality:test_front_idempotent:0: (after this point) Received signal 6 (Aborted)
(null):-1:S:Functionality:test_front_is_back:0: (after this point) Received signal 6 (Aborted)
(null):-1:S:Functionality:test_front_is_not_back:0: (after this point) Received signal 6 (Aborted)
(null):-1:S:Functionality:test_redir:0: (after this point) Received signal 6 (Aborted)
(null):-1:S:Functionality:test_independent_redirs:0: (after this point) Received signal 6 (Aborted)
test_scommand.c:292:E:Functionality:test_to_string_empty:0: (after this point) Received signal 6 (Aborted)
(null):-1:S:Functionality:test_to_string:0: (after this point) Received signal 6 (Aborted)
Running suite pipeline
test_pipeline.c:16:P:Precondition:test_destroy_null:0: Passed
test_pipeline.c:23:P:Precondition:test_push_back_null:0: Passed
test_pipeline.c:31:P:Precondition:test_push_back_scmd_null:0: Passed
test_pipeline.c:39:P:Precondition:test_pop_front_null:0: Passed
test_pipeline.c:45:P:Precondition:test_pop_front_empty:0: Passed
test_pipeline.c:53:P:Precondition:test_set_wait_null:0: Passed
test_pipeline.c:59:P:Precondition:test_is_empty_null:0: Passed
test_pipeline.c:65:P:Precondition:test_length_null:0: Passed
test_pipeline.c:71:P:Precondition:test_front_null:0: Passed
test_pipeline.c:77:P:Precondition:test_front_empty:0: Passed
test_pipeline.c:85:P:Precondition:test_get_wait_null:0: Passed
test_pipeline.c:91:P:Precondition:test_to_string_null:0: Passed
test_pipeline.c:99:P:Creation:test_new_destroy:0: Passed
test_pipeline.c:124:E:Functionality:test_adding_emptying:0: (after this point) Received signal 6 (Aborted)
test_pipeline.c:143:E:Functionality:test_adding_emptying_length:0: (after this point) Received signal 6 (Aborted)
test_pipeline.c:157:E:Functionality:test_fifo:0: (after this point) Received signal 6 (Aborted)
test_pipeline.c:176:E:Functionality:test_front_idempotent:0: (after this point) Received signal 6 (Aborted)
test_pipeline.c:188:E:Functionality:test_front_is_back:0: (after this point) Received signal 6 (Aborted)
test_pipeline.c:197:E:Functionality:test_front_is_not_back:0: (after this point) Received signal 6 (Aborted)
test_pipeline.c:212:P:Functionality:test_wait:0: Passed
test_pipeline.c:221:E:Functionality:test_to_string_empty:0: (after this point) Received signal 6 (Aborted)
test_pipeline.c:229:E:Functionality:test_to_string:0: (after this point) Received signal 6 (Aborted)
Results for all suites run:
58%: Checks: 48, Failures: 0, Errors: 20
